
> watch-next-landing@0.0.0 build
> node node_modules/vite/bin/vite.js build

[36mvite v6.4.3 [32mbuilding for production...[36m[39m
[33m[1m(!) %VITE_GOOGLE_ANALYTICS% is not defined in env variables found in /index.html. Is the variable mistyped?[22m[39m
[33m[1m(!) %VITE_GOOGLE_ADSENSE% is not defined in env variables found in /index.html. Is the variable mistyped?[22m[39m
transforming...
[32m✓[39m 389 modules transformed.
rendering chunks...
[RSS Plugin] Supabase not configured, generating empty RSS feed
[Sitemap Plugin] Supabase not configured, generating empty blog sitemap
[Sitemap Plugin] Generated sitemap.xml with 7 routes
[Movie Sitemap Plugin] Generating movie-sitemap.xml...
[Movie Sitemap Plugin] VITE_API_URL not configured, generating empty sitemap
[Movie Sitemap Plugin] No movies found, generating empty sitemap
[TV Show Sitemap Plugin] Generating tv-show-sitemap.xml...
[TV Show Sitemap Plugin] VITE_API_URL not configured, generating empty sitemap
[TV Show Sitemap Plugin] No TV shows found, generating empty sitemap
computing gzip size...
[2mdist/[22m[32mmovie-sitemap.xml                                             [39m[1m[2m  0.11 kB[22m[1m[22m[2m │ gzip:   0.12 kB[22m
[2mdist/[22m[32mtv-show-sitemap.xml                                           [39m[1m[2m  0.11 kB[22m[1m[22m[2m │ gzip:   0.12 kB[22m
[2mdist/[22m[32mblog-sitemap.xml                                              [39m[1m[2m  0.28 kB[22m[1m[22m[2m │ gzip:   0.21 kB[22m
[2mdist/[22m[32mrss.xml                                                       [39m[1m[2m  0.51 kB[22m[1m[22m[2m │ gzip:   0.32 kB[22m
[2mdist/[22m[32msitemap.xml                                                   [39m[1m[2m  1.34 kB[22m[1m[22m[2m │ gzip:   0.29 kB[22m
[2mdist/[22m[32mindex.html                                                    [39m[1m[2m  4.84 kB[22m[1m[22m[2m │ gzip:   1.56 kB[22m
[2mdist/[22m[32massets/favicon-DJTYL9oT.ico                                   [39m[1m[2m 11.39 kB[22m[1m[22m
[2mdist/[22m[32massets/hero-3h-u01wU.webp                                     [39m[1m[2m 48.84 kB[22m[1m[22m
[2mdist/[22m[32massets/hero_background-DK8onJgE.webp                          [39m[1m[2m 89.99 kB[22m[1m[22m
[2mdist/[22m[32massets/offline-BsFdBXdm.svg                                   [39m[1m[2m216.18 kB[22m[1m[22m[2m │ gzip: 160.81 kB[22m
[2mdist/[22m[32massets/calendar-C-TJKM0z.svg                                  [39m[1m[2m216.18 kB[22m[1m[22m[2m │ gzip: 160.81 kB[22m
[2mdist/[22m[32massets/rating-D4KP6uP1.svg                                    [39m[1m[2m216.18 kB[22m[1m[22m[2m │ gzip: 160.81 kB[22m
[2mdist/[22m[32massets/track-Bzv4iqV3.svg                                     [39m[1m[2m268.11 kB[22m[1m[22m[2m │ gzip: 200.06 kB[22m
[2mdist/[22m[32massets/discover-WiyKk9Mc.svg                                  [39m[1m[2m268.11 kB[22m[1m[22m[2m │ gzip: 200.06 kB[22m
[2mdist/[22m[32massets/social-xUsRQfo4.svg                                    [39m[1m[2m268.11 kB[22m[1m[22m[2m │ gzip: 200.06 kB[22m
[2mdist/[22m[35massets/AdsterraBanner-_GhnfCFl.css                            [39m[1m[2m  0.59 kB[22m[1m[22m[2m │ gzip:   0.23 kB[22m
[2mdist/[22m[35massets/AdminBlogSettings-xKkKGAkA.css                         [39m[1m[2m  0.60 kB[22m[1m[22m[2m │ gzip:   0.23 kB[22m
[2mdist/[22m[35massets/AdminBlogTrash-DIk7P3Nr.css                            [39m[1m[2m  1.73 kB[22m[1m[22m[2m │ gzip:   0.55 kB[22m
[2mdist/[22m[35massets/AdSenseAd-B5MzHq3x.css                                 [39m[1m[2m  9.07 kB[22m[1m[22m[2m │ gzip:   1.73 kB[22m
[2mdist/[22m[35massets/useAdsterraPopunder-LQMPHH7A.css                       [39m[1m[2m  9.78 kB[22m[1m[22m[2m │ gzip:   1.62 kB[22m
[2mdist/[22m[35massets/AuthCallbackPage-DFbLOkTr.css                          [39m[1m[2m  9.91 kB[22m[1m[22m[2m │ gzip:   1.66 kB[22m
[2mdist/[22m[35massets/Breadcrumbs-Bu0ZsDno.css                               [39m[1m[2m 10.15 kB[22m[1m[22m[2m │ gzip:   1.68 kB[22m
[2mdist/[22m[35massets/PremiumSuccessPage-C0swuC2b.css                        [39m[1m[2m 11.20 kB[22m[1m[22m[2m │ gzip:   1.92 kB[22m
[2mdist/[22m[35massets/BottomDialog-DYwqYhpY.css                              [39m[1m[2m 11.44 kB[22m[1m[22m[2m │ gzip:   1.97 kB[22m
[2mdist/[22m[35massets/PrivacyPolicy-BBZun_3F.css                             [39m[1m[2m 11.60 kB[22m[1m[22m[2m │ gzip:   1.96 kB[22m
[2mdist/[22m[35massets/TermsOfService-Pyfjh0GY.css                            [39m[1m[2m 11.60 kB[22m[1m[22m[2m │ gzip:   1.95 kB[22m
[2mdist/[22m[35massets/AdminLoginPage-B42aCyxM.css                            [39m[1m[2m 11.84 kB[22m[1m[22m[2m │ gzip:   1.91 kB[22m
[2mdist/[22m[35massets/BlogCard-CUnX_aF7.css                                  [39m[1m[2m 12.08 kB[22m[1m[22m[2m │ gzip:   2.10 kB[22m
[2mdist/[22m[35massets/CookiesPolicy-vg_S4K-v.css                             [39m[1m[2m 12.38 kB[22m[1m[22m[2m │ gzip:   2.09 kB[22m
[2mdist/[22m[35massets/AdminLayout-DgXnQnJS.css                               [39m[1m[2m 12.67 kB[22m[1m[22m[2m │ gzip:   2.17 kB[22m
[2mdist/[22m[35massets/FeedbackPage-CCwQWnik.css                              [39m[1m[2m 13.28 kB[22m[1m[22m[2m │ gzip:   2.17 kB[22m
[2mdist/[22m[35massets/AboutPage-bRcv3bCa.css                                 [39m[1m[2m 15.82 kB[22m[1m[22m[2m │ gzip:   2.52 kB[22m
[2mdist/[22m[35massets/TvShows-DW8UU6LF.css                                   [39m[1m[2m 16.23 kB[22m[1m[22m[2m │ gzip:   2.69 kB[22m
[2mdist/[22m[35massets/MoviesPage-iinF_tA9.css                                [39m[1m[2m 17.18 kB[22m[1m[22m[2m │ gzip:   3.04 kB[22m
[2mdist/[22m[35massets/AdminBlogDashboard-BrKCdQYb.css                        [39m[1m[2m 17.46 kB[22m[1m[22m[2m │ gzip:   2.62 kB[22m
[2mdist/[22m[35massets/AdminBlogEditor-DxTsR8py.css                           [39m[1m[2m 20.70 kB[22m[1m[22m[2m │ gzip:   3.05 kB[22m
[2mdist/[22m[35massets/index-DobNJZoe.css                                     [39m[1m[2m 24.11 kB[22m[1m[22m[2m │ gzip:   3.91 kB[22m
[2mdist/[22m[35massets/AppLayout-BTVUc_3V.css                                 [39m[1m[2m 30.66 kB[22m[1m[22m[2m │ gzip:   3.80 kB[22m
[2mdist/[22m[35massets/BlogPostPage-B__bJsFH.css                              [39m[1m[2m 34.66 kB[22m[1m[22m[2m │ gzip:   3.48 kB[22m
[2mdist/[22m[35massets/TvShow-DI8OGtO_.css                                    [39m[1m[2m 36.05 kB[22m[1m[22m[2m │ gzip:   5.49 kB[22m
[2mdist/[22m[35massets/MoviePage-CnfiFizJ.css                                 [39m[1m[2m 40.16 kB[22m[1m[22m[2m │ gzip:   6.02 kB[22m
[2mdist/[22m[35massets/BlogPage-ZmApChPZ.css                                  [39m[1m[2m 53.80 kB[22m[1m[22m[2m │ gzip:   4.27 kB[22m
[2mdist/[22m[35massets/CommentSection-CX84vnk-.css                            [39m[1m[2m110.49 kB[22m[1m[22m[2m │ gzip:   6.31 kB[22m
[2mdist/[22m[35massets/App-vfXzp7TG.css                                       [39m[1m[2m129.90 kB[22m[1m[22m[2m │ gzip:   9.45 kB[22m
[2mdist/[22m[36massets/index-BRTKnvBL.js                                      [39m[1m[2m  0.09 kB[22m[1m[22m[2m │ gzip:   0.10 kB[22m
[2mdist/[22m[36massets/readingTime-pR3onbJ-.js                                [39m[1m[2m  0.13 kB[22m[1m[22m[2m │ gzip:   0.14 kB[22m
[2mdist/[22m[36massets/slugify-C1p4hVUQ.js                                    [39m[1m[2m  0.17 kB[22m[1m[22m[2m │ gzip:   0.14 kB[22m
[2mdist/[22m[36massets/supabase-DvzKg7TX.js                                   [39m[1m[2m  0.31 kB[22m[1m[22m[2m │ gzip:   0.27 kB[22m
[2mdist/[22m[36massets/GoogleAnalytics-Du0dIjBT.js                            [39m[1m[2m  0.62 kB[22m[1m[22m[2m │ gzip:   0.34 kB[22m
[2mdist/[22m[36massets/downloads-CTBt41oC.js                                  [39m[1m[2m  0.71 kB[22m[1m[22m[2m │ gzip:   0.41 kB[22m
[2mdist/[22m[36massets/AdminBlogSettings-CnDA_AqO.js                          [39m[1m[2m  0.73 kB[22m[1m[22m[2m │ gzip:   0.44 kB[22m
[2mdist/[22m[36massets/PostHog-PoCELo4c.js                                    [39m[1m[2m  0.87 kB[22m[1m[22m[2m │ gzip:   0.46 kB[22m
[2mdist/[22m[36massets/Breadcrumbs-CeJVG-zx.js                                [39m[1m[2m  0.88 kB[22m[1m[22m[2m │ gzip:   0.50 kB[22m
[2mdist/[22m[36massets/Plausible-B27ipVdj.js                                  [39m[1m[2m  0.97 kB[22m[1m[22m[2m │ gzip:   0.46 kB[22m
[2mdist/[22m[36massets/movieDataSource-CBgZqlgo.js                            [39m[1m[2m  1.02 kB[22m[1m[22m[2m │ gzip:   0.49 kB[22m
[2mdist/[22m[36massets/helpers-C5vEC0rD.js                                    [39m[1m[2m  1.05 kB[22m[1m[22m[2m │ gzip:   0.48 kB[22m
[2mdist/[22m[36massets/useAdminAuth-BUMlcgrM.js                               [39m[1m[2m  1.34 kB[22m[1m[22m[2m │ gzip:   0.66 kB[22m
[2mdist/[22m[36massets/useSeo-BX3B8S0n.js                                     [39m[1m[2m  1.52 kB[22m[1m[22m[2m │ gzip:   0.72 kB[22m
[2mdist/[22m[36massets/useSupabaseAppAuth-C5-vzuye.js                         [39m[1m[2m  1.83 kB[22m[1m[22m[2m │ gzip:   0.78 kB[22m
[2mdist/[22m[36massets/AdminLoginPage-DI1c9SZD.js                             [39m[1m[2m  1.86 kB[22m[1m[22m[2m │ gzip:   0.93 kB[22m
[2mdist/[22m[36massets/useAdsterraPopunder-CmwB0wgq.js                        [39m[1m[2m  2.01 kB[22m[1m[22m[2m │ gzip:   1.03 kB[22m
[2mdist/[22m[36massets/AdsterraBanner-oHKIO2YR.js                             [39m[1m[2m  2.04 kB[22m[1m[22m[2m │ gzip:   0.91 kB[22m
[2mdist/[22m[36massets/AdSenseAd.vue_vue_type_style_index_0_lang-BGiNOZiB.js  [39m[1m[2m  2.49 kB[22m[1m[22m[2m │ gzip:   1.23 kB[22m
[2mdist/[22m[36massets/BottomDialog-DksYnD85.js                               [39m[1m[2m  2.61 kB[22m[1m[22m[2m │ gzip:   1.31 kB[22m
[2mdist/[22m[36massets/AdminBlogTrash-pK4QyUV3.js                             [39m[1m[2m  2.76 kB[22m[1m[22m[2m │ gzip:   1.27 kB[22m
[2mdist/[22m[36massets/AuthCallbackPage-CrLCOxAd.js                           [39m[1m[2m  3.00 kB[22m[1m[22m[2m │ gzip:   1.36 kB[22m
[2mdist/[22m[36massets/SeriesRepository-Bmlh3lNS.js                           [39m[1m[2m  3.52 kB[22m[1m[22m[2m │ gzip:   1.31 kB[22m
[2mdist/[22m[36massets/FeedbackPage-DmQ1_flq.js                               [39m[1m[2m  3.58 kB[22m[1m[22m[2m │ gzip:   1.34 kB[22m
[2mdist/[22m[36massets/AboutPage-CGxC4cvJ.js                                  [39m[1m[2m  3.63 kB[22m[1m[22m[2m │ gzip:   1.39 kB[22m
[2mdist/[22m[36massets/BlogCard-HPJA44OI.js                                   [39m[1m[2m  3.73 kB[22m[1m[22m[2m │ gzip:   1.42 kB[22m
[2mdist/[22m[36massets/AdminLayout-DIro9KLi.js                                [39m[1m[2m  4.07 kB[22m[1m[22m[2m │ gzip:   1.40 kB[22m
[2mdist/[22m[36massets/PremiumSuccessPage-ozmeynqG.js                         [39m[1m[2m  4.73 kB[22m[1m[22m[2m │ gzip:   1.41 kB[22m
[2mdist/[22m[36massets/blogAdminService-Dfw5uXhV.js                           [39m[1m[2m  6.34 kB[22m[1m[22m[2m │ gzip:   2.11 kB[22m
[2mdist/[22m[36massets/TvShows-TwDncwTu.js                                    [39m[1m[2m  6.54 kB[22m[1m[22m[2m │ gzip:   2.45 kB[22m
[2mdist/[22m[36massets/BlogPage-DoFAorUd.js                                   [39m[1m[2m  6.80 kB[22m[1m[22m[2m │ gzip:   2.66 kB[22m
[2mdist/[22m[36massets/MoviesPage-D69IZRdI.js                                 [39m[1m[2m  9.83 kB[22m[1m[22m[2m │ gzip:   4.08 kB[22m
[2mdist/[22m[36massets/AdminBlogDashboard-DgOEsoA-.js                         [39m[1m[2m 10.04 kB[22m[1m[22m[2m │ gzip:   3.09 kB[22m
[2mdist/[22m[36massets/AppLayout-DJfdIs-r.js                                  [39m[1m[2m 10.35 kB[22m[1m[22m[2m │ gzip:   3.47 kB[22m
[2mdist/[22m[36massets/PrivacyPolicy-CCCAsTzD.js                              [39m[1m[2m 11.53 kB[22m[1m[22m[2m │ gzip:   3.63 kB[22m
[2mdist/[22m[36massets/TermsOfService-_R9ohwbq.js                             [39m[1m[2m 12.00 kB[22m[1m[22m[2m │ gzip:   4.10 kB[22m
[2mdist/[22m[36massets/CookiesPolicy-MPGe_ptM.js                              [39m[1m[2m 12.68 kB[22m[1m[22m[2m │ gzip:   3.81 kB[22m
[2mdist/[22m[36massets/registry-JFrPUvXl.js                                   [39m[1m[2m 12.71 kB[22m[1m[22m[2m │ gzip:   3.29 kB[22m
[2mdist/[22m[36massets/AdminBlogEditor-Cia2k9mx.js                            [39m[1m[2m 18.78 kB[22m[1m[22m[2m │ gzip:   6.02 kB[22m
[2mdist/[22m[36massets/MoviePage-CMYj66GZ.js                                  [39m[1m[2m 23.64 kB[22m[1m[22m[2m │ gzip:   7.27 kB[22m
[2mdist/[22m[36massets/TvShow-BVX-5gup.js                                     [39m[1m[2m 24.08 kB[22m[1m[22m[2m │ gzip:   7.19 kB[22m
[2mdist/[22m[36massets/CommentSection-DEXo-5sD.js                             [39m[1m[2m 24.74 kB[22m[1m[22m[2m │ gzip:   8.14 kB[22m
[2mdist/[22m[36massets/App-B_8cHEBR.js                                        [39m[1m[2m 26.55 kB[22m[1m[22m[2m │ gzip:   8.44 kB[22m
[2mdist/[22m[36massets/BlogPostPage-Dv-B74-O.js                               [39m[1m[2m 49.24 kB[22m[1m[22m[2m │ gzip:  15.70 kB[22m
[2mdist/[22m[36massets/index-DzAitRf3.js                                      [39m[1m[33m531.27 kB[39m[22m[2m │ gzip: 168.33 kB[22m
[33m
(!) Some chunks are larger than 500 kB after minification. Consider:
- Using dynamic import() to code-split the application
- Use build.rollupOptions.output.manualChunks to improve chunking: https://rollupjs.org/configuration-options/#output-manualchunks
- Adjust chunk size limit for this warning via build.chunkSizeWarningLimit.[39m
[32m✓ built in 6.45s[39m
